SQL> SET PAGESIZE 800
SQL> SET LINE 800
SQL> SELECT COUNT(A) FROM ASIGNATURA WHERE CAR IN (SELECT CAR FROM PROFESOR WHERE DNI = 1111);

  COUNT(A)                                                                                                                                                                                                                                                                                                                                                                                                                                                                                                                                                                                                                                                                                                                                                                                                                      
----------                                                                                                                                                                                                                                                                                                                                                                                                                                                                                                                                                                                                                                                                                                                                                                                                                      
         1                                                                                                                                                                                                                                                                                                                                                                                                                                                                                                                                                                                                                                                                                                                                                                                                                      

SQL> SELECT COUNT(CT+CP+CL) FROM ASIGNATURA WHERE CAR IN (SELECT CAR FROM PROFESOR WHERE DNI=1111);

COUNT(CT+CP+CL)                                                                                                                                                                                                                                                                                                                                                                                                                                                                                                                                                                                                                                                                                                                                                                                                                 
---------------                                                                                                                                                                                                                                                                                                                                                                                                                                                                                                                                                                                                                                                                                                                                                                                                                 
              1                                                                                                                                                                                                                                                                                                                                                                                                                                                                                                                                                                                                                                                                                                                                                                                                                 

SQL> SELECT COUNT(CT+CP+CL  ASIGNATURA WHERE CAR IN (SELECT CAR FROM PROFESOR WHERE DNI=1111);
SELECT COUNT(CT+CP+CL  ASIGNATURA WHERE CAR IN (SELECT CAR FROM PROFESOR WHERE DNI=1111)
                       *
ERROR at line 1:
ORA-00907: missing right parenthesis 


SQL> SELECT (CT+CP+CL) FROM ASIGNATURA WHERE CAR IN (SELECT CAR FROM PROFESOR WHERE DNI=1111);

(CT+CP+CL)                                                                                                                                                                                                                                                                                                                                                                                                                                                                                                                                                                                                                                                                                                                                                                                                                      
----------                                                                                                                                                                                                                                                                                                                                                                                                                                                                                                                                                                                                                                                                                                                                                                                                                      
         6                                                                                                                                                                                                                                                                                                                                                                                                                                                                                                                                                                                                                                                                                                                                                                                                                      

SQL> SELECT P FROM PROFESOR WHERE (CTA) = (SELECT MAX (CTA) FROM PLAN DOCENTE) WHERE FF IS NULL;
SELECT P FROM PROFESOR WHERE (CTA) = (SELECT MAX (CTA) FROM PLAN DOCENTE) WHERE FF IS NULL
                                                                          *
ERROR at line 1:
ORA-00933: SQL command not properly ended 


SQL> SELECT AVG (COUNT(CAS)) FROM ASIGNATURA GROUP BY CAR;

AVG(COUNT(CAS))                                                                                                                                                                                                                                                                                                                                                                                                                                                                                                                                                                                                                                                                                                                                                                                                                 
---------------                                                                                                                                                                                                                                                                                                                                                                                                                                                                                                                                                                                                                                                                                                                                                                                                                 
            1.5                                                                                                                                                                                                                                                                                                                                                                                                                                                                                                                                                                                                                                                                                                                                                                                                                 

SQL> SELECT AVG(COUNT DNI) FROM PROFESOR NATURAL JOIN AREA GROUP BY CD;
SELECT AVG(COUNT DNI) FROM PROFESOR NATURAL JOIN AREA GROUP BY CD
                 *
ERROR at line 1:
ORA-00907: missing right parenthesis 


SQL> SELECT AVG(COUNT (DNI)) FROM PROFESOR NATURAL JOIN AREA GROUP BY CD;

AVG(COUNT(DNI))                                                                                                                                                                                                                                                                                                                                                                                                                                                                                                                                                                                                                                                                                                                                                                                                                 
---------------                                                                                                                                                                                                                                                                                                                                                                                                                                                                                                                                                                                                                                                                                                                                                                                                                 
              3                                                                                                                                                                                                                                                                                                                                                                                                                                                                                                                                                                                                                                                                                                                                                                                                                 

SQL> SELECT AR FROM AREA WHERE CAR IN (SELECT CAR FROM ASIGNATURA GROUP BY CAR HAVING COUNT (CAS))>3);
SELECT AR FROM AREA WHERE CAR IN (SELECT CAR FROM ASIGNATURA GROUP BY CAR HAVING COUNT (CAS))>3)
                                                                                            *
ERROR at line 1:
ORA-00920: invalid relational operator 


SQL> SELECT AR FROM AREA WHER CAR IN (SELECT CAR FROM ASIGNATURA GROUP BY CAR HAVING COUNT (CAS))>3);
SELECT AR FROM AREA WHER CAR IN (SELECT CAR FROM ASIGNATURA GROUP BY CAR HAVING COUNT (CAS))>3)
                         *
ERROR at line 1:
ORA-00933: SQL command not properly ended 


SQL> SELECT AR FROM AREA WHERE CAR IN (SELECT CAR FROM ASIGNATURA GROUP BY CAR HAVING COUNT (CAS))>3);
SELECT AR FROM AREA WHERE CAR IN (SELECT CAR FROM ASIGNATURA GROUP BY CAR HAVING COUNT (CAS))>3)
                                                                                            *
ERROR at line 1:
ORA-00920: invalid relational operator 


SQL> SELECT AR FROM AREA WHERE CAR IN (SELECT CAR FROM ASIGNATURA GROUP BY CAR HAVING COUNT (CAS)>3);

AR                                                                                                                                                                                                                                                                                                                                                                                                                                                                                                                                                                                                                                                                                                                                                                                                                              
------------------------------------------------------------                                                                                                                                                                                                                                                                                                                                                                                                                                                                                                                                                                                                                                                                                                                                                                    
LENGUAJES Y SISTEMAS INFORMATICOS                                                                                                                                                                                                                                                                                                                                                                                                                                                                                                                                                                                                                                                                                                                                                                                               

SQL> SELECT AR FROM AREA WHERE CAR IN (SELECT CAR FROM ASIGNATURA GROUP BY CAR HAVING COUNT (CAS)>6);

no rows selected

SQL> SELECT D FROM DEPARTAMENTO WHERE CD IN ( SELECT CD FROM AREA NATURAL JOIN PROFESOR GROUP BY CD HAVING COUNT(DNI) IN
  2   (SELECT MIN(COUNT(DNI)) FROM AREA NATURAL JOIN PROFESOR GROUP BY CD));

D                                                                                                                                                                                                                                                                                                                                                                                                                                                                                                                                                                                                                                                                                                                                                                                                                               
------------------------------------------------------------                                                                                                                                                                                                                                                                                                                                                                                                                                                                                                                                                                                                                                                                                                                                                                    
ASTROFISICA                                                                                                                                                                                                                                                                                                                                                                                                                                                                                                                                                                                                                                                                                                                                                                                                                     
MATEMATICA FUNDAMENTAL                                                                                                                                                                                                                                                                                                                                                                                                                                                                                                                                                                                                                                                                                                                                                                                                          

SQL> SPOOL OFF
