SQL> SET SIZEPAGE 800;
SP2-0158: unknown SET option "SIZEPAGE"
SQL> SET PAGESIZE 800;
SQL> SET LINE 800;
SQL> REVOKE ALL PRIVILEGES ON AREA FROM alumno;

Revoke succeeded.

SQL> REVOKE ALL PRIVILEGES ON ASIGNATURA FROM alumno;

Revoke succeeded.

SQL> REVOKE ALL PRIVILEGES ON TITULACION FROM alumno;

Revoke succeeded.

SQL> REVOKE ALL PRIVILEGES ON DEPARTAMENTO FROM alumno;

Revoke succeeded.

SQL> SPOOL OFF
