SQL> SET PAGESIZE 800
SQL> SET LINE 800
SQL> CONNECT alumno;
ERROR:
ORA-12162: TNS:net service name is incorrectly specified 


Warning: You are no longer connected to ORACLE.
SQL> CONNECT alumno;
Connected.
SQL> SELECT * FROM alu0100913293.DEPARTAMENTO;

        CD D                                                                                                                                                                                                                                                                                                                                                                                                                                                                                                                                                                                                                                                                                                                                                                                                                    
---------- ------------------------------------------------------------                                                                                                                                                                                                                                                                                                                                                                                                                                                                                                                                                                                                                                                                                                                                                         
         1 ANALISIS MATEMATICO                                                                                                                                                                                                                                                                                                                                                                                                                                                                                                                                                                                                                                                                                                                                                                                                  
         2 ASTROFISICA                                                                                                                                                                                                                                                                                                                                                                                                                                                                                                                                                                                                                                                                                                                                                                                                          
         3 ESTADISTICA, INVESTIGACION OPERATIVA Y COMPUTACION                                                                                                                                                                                                                                                                                                                                                                                                                                                                                                                                                                                                                                                                                                                                                                   
         4 MATEMATICA FUNDAMENTAL                                                                                                                                                                                                                                                                                                                                                                                                                                                                                                                                                                                                                                                                                                                                                                                               

SQL> SELECT * FROM alu0100913293.PROFESOR;
SELECT * FROM alu0100913293.PROFESOR
                            *
ERROR at line 1:
ORA-00942: table or view does not exist 


SQL> INSERT INTO alumno.DEPARTAMENTO VALUES(5, 'ECONOMIA');
INSERT INTO alumno.DEPARTAMENTO VALUES(5, 'ECONOMIA')
*
ERROR at line 1:
ORA-00001: unique constraint (ALUMNO.SYS_C0025052) violated 


SQL> INSERT INTO alu0100913293.DEPARTAMENTO VALUES(5, 'ECONOMIA');

1 row created.

SQL> UPDATE alu0100913293.DEPARTAMENTO SET D= 'ECONOMIA_APLICADA' WHERE CD = 5;

1 row updated.

SQL> UPDATE alu0100913293                                                          T D= 'ECONOMIA_APLICADA' WHERE CD = 5;
UPDATE alu0100913293                                                          T D= 'ECONOMIA_APLICADA' WHERE CD = 5
                                                                                *
ERROR at line 1:
ORA-00971: missing SET keyword 


SQL> UPDATE alu0100913293.TITULACION SET FAC = 'ETSII' WHERE T = 'GII';

1 row updated.

SQL> DELETE FROM alu0100913293.TITULACION WHERE T = 'GII';
DELETE FROM alu0100913293.TITULACION WHERE T = 'GII'
                          *
ERROR at line 1:
ORA-01031: insufficient privileges 


SQL> ROLLBACK WORK;

Rollback complete.

SQL> CREATE VIEW VISTA3 AS SELECT (A, CAR) FROM ASIGNATURA;
CREATE VIEW VISTA3 AS SELECT (A, CAR) FROM ASIGNATURA
                               *
ERROR at line 1:
ORA-00907: missing right parenthesis 


SQL> CREATE VIEW VISTA3 AS SELECT A, CAR FROM ASIGNATURA;
CREATE VIEW VISTA3 AS SELECT A, CAR FROM ASIGNATURA
                                         *
ERROR at line 1:
ORA-00942: table or view does not exist 


SQL> CREATE VIEW VISTA3 AS SELECT A, CAR FROM alu0100913293.ASIGNATURA;

View created.

SQL> SELECT * FROM alu0100913293.VISTA3;
SELECT * FROM alu0100913293.VISTA3
                            *
ERROR at line 1:
ORA-00942: table or view does not exist 


SQL> SELECT * FROM VISTA3;

A                                                         CAR                                                                                                                                                                                                                                                                                                                                                                                                                                                                                                                                                                                                                                                                                                                                                                   
-------------------------------------------------- ----------                                                                                                                                                                                                                                                                                                                                                                                                                                                                                                                                                                                                                                                                                                                                                                   
BASES DE DATOS                                              7                                                                                                                                                                                                                                                                                                                                                                                                                                                                                                                                                                                                                                                                                                                                                                   
INTELIGENCIA ARTIFICIAL                                     4                                                                                                                                                                                                                                                                                                                                                                                                                                                                                                                                                                                                                                                                                                                                                                   
ALMACENES DE DATOS                                          7                                                                                                                                                                                                                                                                                                                                                                                                                                                                                                                                                                                                                                                                                                                                                                   
MINERIA DE DATOS                                            7                                                                                                                                                                                                                                                                                                                                                                                                                                                                                                                                                                                                                                                                                                                                                                   
INFORMATICA BASICA                                          7                                                                                                                                                                                                                                                                                                                                                                                                                                                                                                                                                                                                                                                                                                                                                                   
ALGEBRA                                                     1                                                                                                                                                                                                                                                                                                                                                                                                                                                                                                                                                                                                                                                                                                                                                                   
CALCULO                                                     8                                                                                                                                                                                                                                                                                                                                                                                                                                                                                                                                                                                                                                                                                                                                                                   
OPTIMIZACION                                                6                                                                                                                                                                                                                                                                                                                                                                                                                                                                                                                                                                                                                                                                                                                                                                   
ASTRONOMIA                                                  3                                                                                                                                                                                                                                                                                                                                                                                                                                                                                                                                                                                                                                                                                                                                                                   
ENSENANZA DE LA MATEMATICA                                  5                                                                                                                                                                                                                                                                                                                                                                                                                                                                                                                                                                                                                                                                                                                                                                   
ANALISIS COMPLEJO                                           2                                                                                                                                                                                                                                                                                                                                                                                                                                                                                                                                                                                                                                                                                                                                                                   
GESTION DE RIESGOS                                          4                                                                                                                                                                                                                                                                                                                                                                                                                                                                                                                                                                                                                                                                                                                                                                   
ESTADISTICA                                                 6                                                                                                                                                                                                                                                                                                                                                                                                                                                                                                                                                                                                                                                                                                                                                                   

13 rows selected.

SQL> DROP VIEW VISTA3;

View dropped.

SQL> DROP TABLE ASIGNATURA;
DROP TABLE ASIGNATURA
           *
ERROR at line 1:
ORA-00942: table or view does not exist 


SQL> DROP TABLE alu0100913293.ASIGNATURA;
DROP TABLE alu0100913293.ASIGNATURA
                         *
ERROR at line 1:
ORA-01031: insufficient privileges 


SQL> SPOOL OFF
