SQL> SET PAGESIZE 800
SQL> SET LINE 800
SQL> DESCRIBE ASIGNATURA;
 Name                                                                                                                                                                                                                                                                                                                                                                                                                                                                                      Null?    Type
 ----------------------------------------------------------------------------------------------------------------------------------------------------------------------------------------------------------------------------------------------------------------------------------------------------------------------------------------------------------------------------------------------------------------------------------------------------------------------------------------- -------- ----------------------------------------------------------------------------------------------------------------------------------------------------------------------------------------------------------------------------------------------------------------------------------------------------------------------------
 CAS                                                                                                                                                                                                                                                                                                                                                                                                                                                                                       NOT NULL NUMBER(3)
 A                                                                                                                                                                                                                                                                                                                                                                                                                                                                                         NOT NULL VARCHAR2(50)
 T                                                                                                                                                                                                                                                                                                                                                                                                                                                                                         NOT NULL CHAR(4)
 CUR                                                                                                                                                                                                                                                                                                                                                                                                                                                                                                NUMBER(1)
 CAR                                                                                                                                                                                                                                                                                                                                                                                                                                                                                                NUMBER(3)
 CT                                                                                                                                                                                                                                                                                                                                                                                                                                                                                                 NUMBER(3,1)
 CP                                                                                                                                                                                                                                                                                                                                                                                                                                                                                                 NUMBER(3,1)
 CL                                                                                                                                                                                                                                                                                                                                                                                                                                                                                                 NUMBER(3,1)

SQL> DESCRIBE TITULACION;
 Name                                                                                                                                                                                                                                                                                                                                                                                                                                                                                      Null?    Type
 ----------------------------------------------------------------------------------------------------------------------------------------------------------------------------------------------------------------------------------------------------------------------------------------------------------------------------------------------------------------------------------------------------------------------------------------------------------------------------------------- -------- ----------------------------------------------------------------------------------------------------------------------------------------------------------------------------------------------------------------------------------------------------------------------------------------------------------------------------
 T                                                                                                                                                                                                                                                                                                                                                                                                                                                                                         NOT NULL CHAR(6)
 FAC                                                                                                                                                                                                                                                                                                                                                                                                                                                                                                VARCHAR2(30)

SQL> ALTER TABLE ASIGNATURA MODIFY(T CHAR(6));

Table altered.

SQL> DESCRIBE ASIGNATURA;
 Name                                                                                                                                                                                                                                                                                                                                                                                                                                                                                      Null?    Type
 ----------------------------------------------------------------------------------------------------------------------------------------------------------------------------------------------------------------------------------------------------------------------------------------------------------------------------------------------------------------------------------------------------------------------------------------------------------------------------------------- -------- ----------------------------------------------------------------------------------------------------------------------------------------------------------------------------------------------------------------------------------------------------------------------------------------------------------------------------
 CAS                                                                                                                                                                                                                                                                                                                                                                                                                                                                                       NOT NULL NUMBER(3)
 A                                                                                                                                                                                                                                                                                                                                                                                                                                                                                         NOT NULL VARCHAR2(50)
 T                                                                                                                                                                                                                                                                                                                                                                                                                                                                                         NOT NULL CHAR(6)
 CUR                                                                                                                                                                                                                                                                                                                                                                                                                                                                                                NUMBER(1)
 CAR                                                                                                                                                                                                                                                                                                                                                                                                                                                                                                NUMBER(3)
 CT                                                                                                                                                                                                                                                                                                                                                                                                                                                                                                 NUMBER(3,1)
 CP                                                                                                                                                                                                                                                                                                                                                                                                                                                                                                 NUMBER(3,1)
 CL                                                                                                                                                                                                                                                                                                                                                                                                                                                                                                 NUMBER(3,1)

SQL> ALTER TABLE ASIGNATURA ENABLE CONSTRAINT CONDICION_1;

Table altered.

SQL> SELECT * FROM VISTA1;

       CAS A                                                  T             CUR        CAR                                                                                                                                                                                                                                                                                                                                                                                                                                                                                                                                                                                                                                                                                                                                      
---------- -------------------------------------------------- ------ ---------- ----------                                                                                                                                                                                                                                                                                                                                                                                                                                                                                                                                                                                                                                                                                                                                      
         1 BASES DE DATOS                                     GII             3          7                                                                                                                                                                                                                                                                                                                                                                                                                                                                                                                                                                                                                                                                                                                                      
         2 INTELIGENCIA ARTIFICIAL                            GII             3          4                                                                                                                                                                                                                                                                                                                                                                                                                                                                                                                                                                                                                                                                                                                                      
         3 ALMACENES DE DATOS                                 MII             1          7                                                                                                                                                                                                                                                                                                                                                                                                                                                                                                                                                                                                                                                                                                                                      
         4 MINERIA DE DATOS                                   MII             1          7                                                                                                                                                                                                                                                                                                                                                                                                                                                                                                                                                                                                                                                                                                                                      
         5 INFORMATICA BASICA                                 GII             1          7                                                                                                                                                                                                                                                                                                                                                                                                                                                                                                                                                                                                                                                                                                                                      
         6 ALGEBRA                                            GII             1          1                                                                                                                                                                                                                                                                                                                                                                                                                                                                                                                                                                                                                                                                                                                                      
         7 CALCULO                                            GII             1          8                                                                                                                                                                                                                                                                                                                                                                                                                                                                                                                                                                                                                                                                                                                                      
         8 OPTIMIZACION                                       GII             1          6                                                                                                                                                                                                                                                                                                                                                                                                                                                                                                                                                                                                                                                                                                                                      
        10 ASTRONOMIA                                         GF              2          3                                                                                                                                                                                                                                                                                                                                                                                                                                                                                                                                                                                                                                                                                                                                      
        11 ENSENANZA DE LA MATEMATICA                         GM              2          5                                                                                                                                                                                                                                                                                                                                                                                                                                                                                                                                                                                                                                                                                                                                      
        12 ANALISIS COMPLEJO                                  GM              4          2                                                                                                                                                                                                                                                                                                                                                                                                                                                                                                                                                                                                                                                                                                                                      
         9 GESTION DE RIESGOS                                 GII             3          4                                                                                                                                                                                                                                                                                                                                                                                                                                                                                                                                                                                                                                                                                                                                      
        13 ESTADISTICA                                        GII             3          7                                                                                                                                                                                                                                                                                                                                                                                                                                                                                                                                                                                                                                                                                                                                      

13 rows selected.

SQL> SELECT * FROM VISTA1;

       CAS A                                                  T             CUR        CAR                                                                                                                                                                                                                                                                                                                                                                                                                                                                                                                                                                                                                                                                                                                                      
---------- -------------------------------------------------- ------ ---------- ----------                                                                                                                                                                                                                                                                                                                                                                                                                                                                                                                                                                                                                                                                                                                                      
         1 BASES DE DATOS                                     GII             3          7                                                                                                                                                                                                                                                                                                                                                                                                                                                                                                                                                                                                                                                                                                                                      
         2 INTELIGENCIA ARTIFICIAL                            GII             3          4                                                                                                                                                                                                                                                                                                                                                                                                                                                                                                                                                                                                                                                                                                                                      
         3 ALMACENES DE DATOS                                 MII             1          7                                                                                                                                                                                                                                                                                                                                                                                                                                                                                                                                                                                                                                                                                                                                      
         4 MINERIA DE DATOS                                   MII             1          7                                                                                                                                                                                                                                                                                                                                                                                                                                                                                                                                                                                                                                                                                                                                      
         5 INFORMATICA BASICA                                 GII             1          7                                                                                                                                                                                                                                                                                                                                                                                                                                                                                                                                                                                                                                                                                                                                      
         6 ALGEBRA                                            GII             1          1                                                                                                                                                                                                                                                                                                                                                                                                                                                                                                                                                                                                                                                                                                                                      
         7 CALCULO                                            GII             1          8                                                                                                                                                                                                                                                                                                                                                                                                                                                                                                                                                                                                                                                                                                                                      
         8 OPTIMIZACION                                       GII             1          6                                                                                                                                                                                                                                                                                                                                                                                                                                                                                                                                                                                                                                                                                                                                      
        10 ASTRONOMIA                                         GF              2          3                                                                                                                                                                                                                                                                                                                                                                                                                                                                                                                                                                                                                                                                                                                                      
        11 ENSENANZA DE LA MATEMATICA                         GM              2          5                                                                                                                                                                                                                                                                                                                                                                                                                                                                                                                                                                                                                                                                                                                                      
        12 ANALISIS COMPLEJO                                  GM              4          2                                                                                                                                                                                                                                                                                                                                                                                                                                                                                                                                                                                                                                                                                                                                      
         9 GESTION DE RIESGOS                                 GII             3          4                                                                                                                                                                                                                                                                                                                                                                                                                                                                                                                                                                                                                                                                                                                                      
        13 ESTADISTICA                                        GII             3          7                                                                                                                                                                                                                                                                                                                                                                                                                                                                                                                                                                                                                                                                                                                                      

13 rows selected.

SQL> SELECT * FROM ASIGNATURA;

       CAS A                                                  T             CUR        CAR         CT         CP         CL                                                                                                                                                                                                                                                                                                                                                                                                                                                                                                                                                                                                                                                                                                     
---------- -------------------------------------------------- ------ ---------- ---------- ---------- ---------- ----------                                                                                                                                                                                                                                                                                                                                                                                                                                                                                                                                                                                                                                                                                                     
         1 BASES DE DATOS                                     GII             3          7          3        1.5        1.5                                                                                                                                                                                                                                                                                                                                                                                                                                                                                                                                                                                                                                                                                                     
         2 INTELIGENCIA ARTIFICIAL                            GII             3          4        1.5        1.5          3                                                                                                                                                                                                                                                                                                                                                                                                                                                                                                                                                                                                                                                                                                     
         3 ALMACENES DE DATOS                                 MII             1          7        1.5          0        1.5                                                                                                                                                                                                                                                                                                                                                                                                                                                                                                                                                                                                                                                                                                     
         4 MINERIA DE DATOS                                   MII             1          7        1.5          0        1.5                                                                                                                                                                                                                                                                                                                                                                                                                                                                                                                                                                                                                                                                                                     
         5 INFORMATICA BASICA                                 GII             1          7          3        1.5        1.5                                                                                                                                                                                                                                                                                                                                                                                                                                                                                                                                                                                                                                                                                                     
         6 ALGEBRA                                            GII             1          1          3          3          0                                                                                                                                                                                                                                                                                                                                                                                                                                                                                                                                                                                                                                                                                                     
         7 CALCULO                                            GII             1          8          3          3          0                                                                                                                                                                                                                                                                                                                                                                                                                                                                                                                                                                                                                                                                                                     
         8 OPTIMIZACION                                       GII             1          6          3        1.5        1.5                                                                                                                                                                                                                                                                                                                                                                                                                                                                                                                                                                                                                                                                                                     
        10 ASTRONOMIA                                         GF              2          3          3        1.5        1.5                                                                                                                                                                                                                                                                                                                                                                                                                                                                                                                                                                                                                                                                                                     
        11 ENSENANZA DE LA MATEMATICA                         GM              2          5          6          0          0                                                                                                                                                                                                                                                                                                                                                                                                                                                                                                                                                                                                                                                                                                     
        12 ANALISIS COMPLEJO                                  GM              4          2        4.5          3          0                                                                                                                                                                                                                                                                                                                                                                                                                                                                                                                                                                                                                                                                                                     
         9 GESTION DE RIESGOS                                 GII             3          4          3          0          3                                                                                                                                                                                                                                                                                                                                                                                                                                                                                                                                                                                                                                                                                                     
        13 ESTADISTICA                                        GII             3          7          0          0          0                                                                                                                                                                                                                                                                                                                                                                                                                                                                                                                                                                                                                                                                                                     

13 rows selected.

SQL> UPDATE VISTA1 SET CAR=6 WHERE CAS=13;

1 row updated.

SQL> SELECT * FROM VISTA1;

       CAS A                                                  T             CUR        CAR                                                                                                                                                                                                                                                                                                                                                                                                                                                                                                                                                                                                                                                                                                                                      
---------- -------------------------------------------------- ------ ---------- ----------                                                                                                                                                                                                                                                                                                                                                                                                                                                                                                                                                                                                                                                                                                                                      
         1 BASES DE DATOS                                     GII             3          7                                                                                                                                                                                                                                                                                                                                                                                                                                                                                                                                                                                                                                                                                                                                      
         2 INTELIGENCIA ARTIFICIAL                            GII             3          4                                                                                                                                                                                                                                                                                                                                                                                                                                                                                                                                                                                                                                                                                                                                      
         3 ALMACENES DE DATOS                                 MII             1          7                                                                                                                                                                                                                                                                                                                                                                                                                                                                                                                                                                                                                                                                                                                                      
         4 MINERIA DE DATOS                                   MII             1          7                                                                                                                                                                                                                                                                                                                                                                                                                                                                                                                                                                                                                                                                                                                                      
         5 INFORMATICA BASICA                                 GII             1          7                                                                                                                                                                                                                                                                                                                                                                                                                                                                                                                                                                                                                                                                                                                                      
         6 ALGEBRA                                            GII             1          1                                                                                                                                                                                                                                                                                                                                                                                                                                                                                                                                                                                                                                                                                                                                      
         7 CALCULO                                            GII             1          8                                                                                                                                                                                                                                                                                                                                                                                                                                                                                                                                                                                                                                                                                                                                      
         8 OPTIMIZACION                                       GII             1          6                                                                                                                                                                                                                                                                                                                                                                                                                                                                                                                                                                                                                                                                                                                                      
        10 ASTRONOMIA                                         GF              2          3                                                                                                                                                                                                                                                                                                                                                                                                                                                                                                                                                                                                                                                                                                                                      
        11 ENSENANZA DE LA MATEMATICA                         GM              2          5                                                                                                                                                                                                                                                                                                                                                                                                                                                                                                                                                                                                                                                                                                                                      
        12 ANALISIS COMPLEJO                                  GM              4          2                                                                                                                                                                                                                                                                                                                                                                                                                                                                                                                                                                                                                                                                                                                                      
         9 GESTION DE RIESGOS                                 GII             3          4                                                                                                                                                                                                                                                                                                                                                                                                                                                                                                                                                                                                                                                                                                                                      
        13 ESTADISTICA                                        GII             3          6                                                                                                                                                                                                                                                                                                                                                                                                                                                                                                                                                                                                                                                                                                                                      

13 rows selected.

SQL> 
SQL> 
SQL> 
SQL> 
SQL> CREATE VIEW VIS
  2  
SQL> 
SQL> CREATE VIEW VISTA2 AS SELECT (DNI, A, T, CUR, CAR) FROM PLAN_DOCENTE NATURAL JOIN VISTA1
  2  ;
CREATE VIEW VISTA2 AS SELECT (DNI, A, T, CUR, CAR) FROM PLAN_DOCENTE NATURAL JOIN VISTA1
                                 *
ERROR at line 1:
ORA-00907: missing right parenthesis 


SQL> SELECT * FROM VISTA2;
SELECT * FROM VISTA2
              *
ERROR at line 1:
ORA-00942: table or view does not exist 


SQL> CREATE VIEW VISTA2 AS SELECT (DNI, A, T, CUR, CAR) FROM PLAN_DOCENTE NATURAL JOIN VISTA1;
CREATE VIEW VISTA2 AS SELECT (DNI, A, T, CUR, CAR) FROM PLAN_DOCENTE NATURAL JOIN VISTA1
                                 *
ERROR at line 1:
ORA-00907: missing right parenthesis 


SQL> CREATE VIEW VISTA2 AS SELECT DNI, A, T, CUR, CAR FROM PLAN_DOCENTE NATURAL JOIN VISTA1;

View created.

SQL> SELECT * FROM VISTA2;

       DNI A                                                  T             CUR        CAR                                                                                                                                                                                                                                                                                                                                                                                                                                                                                                                                                                                                                                                                                                                                      
---------- -------------------------------------------------- ------ ---------- ----------                                                                                                                                                                                                                                                                                                                                                                                                                                                                                                                                                                                                                                                                                                                                      
      4444 BASES DE DATOS                                     GII             3          7                                                                                                                                                                                                                                                                                                                                                                                                                                                                                                                                                                                                                                                                                                                                      
      3333 INTELIGENCIA ARTIFICIAL                            GII             3          4                                                                                                                                                                                                                                                                                                                                                                                                                                                                                                                                                                                                                                                                                                                                      
      1010 INTELIGENCIA ARTIFICIAL                            GII             3          4                                                                                                                                                                                                                                                                                                                                                                                                                                                                                                                                                                                                                                                                                                                                      
      2222 ALMACENES DE DATOS                                 MII             1          7                                                                                                                                                                                                                                                                                                                                                                                                                                                                                                                                                                                                                                                                                                                                      
      2020 ALMACENES DE DATOS                                 MII             1          7                                                                                                                                                                                                                                                                                                                                                                                                                                                                                                                                                                                                                                                                                                                                      
      4444 MINERIA DE DATOS                                   MII             1          7                                                                                                                                                                                                                                                                                                                                                                                                                                                                                                                                                                                                                                                                                                                                      
      2222 MINERIA DE DATOS                                   MII             1          7                                                                                                                                                                                                                                                                                                                                                                                                                                                                                                                                                                                                                                                                                                                                      
      4444 INFORMATICA BASICA                                 GII             1          7                                                                                                                                                                                                                                                                                                                                                                                                                                                                                                                                                                                                                                                                                                                                      
      5555 ALGEBRA                                            GII             1          1                                                                                                                                                                                                                                                                                                                                                                                                                                                                                                                                                                                                                                                                                                                                      
      9999 CALCULO                                            GII             1          8                                                                                                                                                                                                                                                                                                                                                                                                                                                                                                                                                                                                                                                                                                                                      
      3030 OPTIMIZACION                                       GII             1          6                                                                                                                                                                                                                                                                                                                                                                                                                                                                                                                                                                                                                                                                                                                                      
      1111 OPTIMIZACION                                       GII             1          6                                                                                                                                                                                                                                                                                                                                                                                                                                                                                                                                                                                                                                                                                                                                      
      1111 OPTIMIZACION                                       GII             1          6                                                                                                                                                                                                                                                                                                                                                                                                                                                                                                                                                                                                                                                                                                                                      
      3333 GESTION DE RIESGOS                                 GII             3          4                                                                                                                                                                                                                                                                                                                                                                                                                                                                                                                                                                                                                                                                                                                                      
      1010 GESTION DE RIESGOS                                 GII             3          4                                                                                                                                                                                                                                                                                                                                                                                                                                                                                                                                                                                                                                                                                                                                      
      1010 GESTION DE RIESGOS                                 GII             3          4                                                                                                                                                                                                                                                                                                                                                                                                                                                                                                                                                                                                                                                                                                                                      
      6666 ASTRONOMIA                                         GF              2          3                                                                                                                                                                                                                                                                                                                                                                                                                                                                                                                                                                                                                                                                                                                                      
      8888 ENSENANZA DE LA MATEMATICA                         GM              2          5                                                                                                                                                                                                                                                                                                                                                                                                                                                                                                                                                                                                                                                                                                                                      
      7777 ANALISIS COMPLEJO                                  GM              4          2                                                                                                                                                                                                                                                                                                                                                                                                                                                                                                                                                                                                                                                                                                                                      

19 rows selected.

SQL> 
SQL> 
SQL> 
SQL> 
SQL> 
SQL> 
SQL> 
SQL> 
SQL> UPDATE VISTA2 SET A=PRUEBA WHERE DNI=1;
UPDATE VISTA2 SET A=PRUEBA WHERE DNI=1
                    *
ERROR at line 1:
ORA-00904: "PRUEBA": invalid identifier 


SQL> SPOOL OFF
