SQL> SELECT A FROM ASIGNATURA WHERE CAR <> 8;

A                                                                               
--------------------------------------------------                              
BASES DE DATOS                                                                  
INTELIGENCIA ARTIFICIAL                                                         
ALMACENES DE DATOS                                                              
MINERIA DE DATOS                                                                
INFORMATICA BASICA                                                              
ALGEBRA                                                                         
OPTIMIZACION                                                                    
ASTRONOMIA                                                                      
ENSENANZA DE LA MATEMATICA                                                      
ANALISIS COMPLEJO                                                               
GESTION DE RIESGOS                                                              

11 rows selected.

SQL> SELECT A FROM ASIGNATURA WHERE CAR <> 8 AND CAR <> 11;

A                                                                               
--------------------------------------------------                              
BASES DE DATOS                                                                  
INTELIGENCIA ARTIFICIAL                                                         
ALMACENES DE DATOS                                                              
MINERIA DE DATOS                                                                
INFORMATICA BASICA                                                              
ALGEBRA                                                                         
OPTIMIZACION                                                                    
ASTRONOMIA                                                                      
ENSENANZA DE LA MATEMATICA                                                      
ANALISIS COMPLEJO                                                               
GESTION DE RIESGOS                                                              

11 rows selected.

SQL> SELECT CAS FROM PLAN_DOCENTE WHERE DNI = 3333;

       CAS                                                                      
----------                                                                      
         2                                                                      
         9                                                                      

SQL> SELECT CD FROM DEPARTAMENTO WHERE D = 'ASTROFISICA';

        CD                                                                      
----------                                                                      
         2                                                                      

SQL> SELECT DNI FROM PLAN_DOCENTE WHERE FI = '01-09-09';
SELECT DNI FROM PLAN_DOCENTE WHERE FI = '01-09-09'
                                        *
ERROR at line 1:
ORA-01843: not a valid month 


SQL> SELECT DNI FROM PLAN_DOCENTE WHERE FI = '01-SEP-09';

       DNI                                                                      
----------                                                                      
      1010                                                                      
      1111                                                                      
      2222                                                                      
      3030                                                                      
      3333                                                                      
      8888                                                                      

6 rows selected.

SQL> SELECT DNI FROM PLAN_DOCENTE WHERE FI < '01-SEP-09';

       DNI                                                                      
----------                                                                      
      1010                                                                      
      1010                                                                      
      1111                                                                      
      2020                                                                      
      2222                                                                      
      3333                                                                      
      4444                                                                      
      6666                                                                      

8 rows selected.

SQL> SELECT A FROM ASIGNATURA WHERE CAR=3 OR CAR=5 OR CAR=8;

A                                                                               
--------------------------------------------------                              
CALCULO                                                                         
ASTRONOMIA                                                                      
ENSENANZA DE LA MATEMATICA                                                      

SQL> SELECT A FROM ASIGNATURA WHERE CAR <> 3 OR CAR <> 5 OR CAR <> 8;

A                                                                               
--------------------------------------------------                              
BASES DE DATOS                                                                  
INTELIGENCIA ARTIFICIAL                                                         
ALMACENES DE DATOS                                                              
MINERIA DE DATOS                                                                
INFORMATICA BASICA                                                              
ALGEBRA                                                                         
CALCULO                                                                         
OPTIMIZACION                                                                    
ASTRONOMIA                                                                      
ENSENANZA DE LA MATEMATICA                                                      
ANALISIS COMPLEJO                                                               

A                                                                               
--------------------------------------------------                              
GESTION DE RIESGOS                                                              

12 rows selected.

SQL> SELECT A FROM ASIGNATURA WHERE CAR <> 3 AND CAR <> 5 AND CAR <> 8;

A                                                                               
--------------------------------------------------                              
BASES DE DATOS                                                                  
INTELIGENCIA ARTIFICIAL                                                         
ALMACENES DE DATOS                                                              
MINERIA DE DATOS                                                                
INFORMATICA BASICA                                                              
ALGEBRA                                                                         
OPTIMIZACION                                                                    
ANALISIS COMPLEJO                                                               
GESTION DE RIESGOS                                                              

9 rows selected.

SQL> SELECT P FROM PROFESOR WHERE DNI > 3000 AND DNI < 7000;

P                                                                               
------------------------------------------------------------                    
JOSE MANUEL                                                                     
PEDRO                                                                           
MARIA                                                                           
IVAN                                                                            
CARMEN                                                                          

SQL> SELECT P FROM PROFESOR WHERE DNI >= 3000 AND DNI <= 7000;

P                                                                               
------------------------------------------------------------                    
JOSE MANUEL                                                                     
PEDRO                                                                           
MARIA                                                                           
IVAN                                                                            
CARMEN                                                                          

SQL> SELECT CAS FROM PLAN DOCENTE WHERE DNI = '1111' AND FF IS NULL;
SELECT CAS FROM PLAN DOCENTE WHERE DNI = '1111' AND FF IS NULL
                *
ERROR at line 1:
ORA-00942: table or view does not exist 


SQL> SELECT CAS FROM PLAN_DOCENTE WHERE DNI = '1111' AND FF IS NULL;

       CAS                                                                      
----------                                                                      
         8                                                                      

SQL> SELECT A, (CT+CL+CP) FROM ASIGNATURA;

A                                                  (CT+CL+CP)                   
-------------------------------------------------- ----------                   
BASES DE DATOS                                              6                   
INTELIGENCIA ARTIFICIAL                                     6                   
ALMACENES DE DATOS                                          3                   
MINERIA DE DATOS                                            3                   
INFORMATICA BASICA                                          6                   
ALGEBRA                                                     6                   
CALCULO                                                     6                   
OPTIMIZACION                                                6                   
ASTRONOMIA                                                  6                   
ENSENANZA DE LA MATEMATICA                                  6                   
ANALISIS COMPLEJO                                         7.5                   

A                                                  (CT+CL+CP)                   
-------------------------------------------------- ----------                   
GESTION DE RIESGOS                                          6                   

12 rows selected.

SQL> SPOOL OFF
